// Jest Snapshot v1, https://goo.gl/fbAQLP

exports[`opening a shared project save and close project 1`] = `
Object {
  "clips": Array [
    Object {
      "end": 625,
      "fileId": "6b12235d-ad09-4af7-b7f2-88e19357cb9d",
      "flashcard": Object {
        "fields": Object {
          "meaning": "Relaxing while eating bamboo grass is the best",
          "notes": "",
          "pronunciation": "sasa-o tabe-nágara nonbíri-suru-no-wa saikoo-da-naa",
          "transcription": "笹を食べながらのんびりするのは最高だなぁ",
        },
        "id": "c3637ef9-ea4d-4049-b604-a768239f721c",
        "image": Object {
          "id": "c3637ef9-ea4d-4049-b604-a768239f721c",
          "type": "VideoStillImage",
        },
        "tags": Array [
          "pbc",
        ],
        "type": "Transliteration",
      },
      "id": "c3637ef9-ea4d-4049-b604-a768239f721c",
      "start": 402,
    },
    Object {
      "end": 888,
      "fileId": "6b12235d-ad09-4af7-b7f2-88e19357cb9d",
      "flashcard": Object {
        "fields": Object {
          "meaning": "This kid, lazing about again so early",
          "notes": "\\"Goro-goro\\" is the sound of something big rolling around.",
          "pronunciation": "mata kono ko-wa hirumá-kara góro-goro shite",
          "transcription": "またこの子は昼間からゴロゴロして",
        },
        "id": "2a4c9389-8d9f-4b50-8b33-5dd62aa7aa4d",
        "tags": Array [
          "pbc",
        ],
        "type": "Transliteration",
      },
      "id": "2a4c9389-8d9f-4b50-8b33-5dd62aa7aa4d",
      "start": 756,
    },
    Object {
      "end": 2774,
      "fileId": "6b12235d-ad09-4af7-b7f2-88e19357cb9d",
      "flashcard": Object {
        "fields": Object {
          "meaning": "Don't try to suck me up!",
          "notes": "",
          "pronunciation": "",
          "transcription": "ああー  吸わないで",
        },
        "id": "b9ba2184-cb5c-4d50-98c2-568bf8e75854",
        "image": Object {
          "id": "b9ba2184-cb5c-4d50-98c2-568bf8e75854",
          "type": "VideoStillImage",
        },
        "tags": Array [
          "pbc",
        ],
        "type": "Transliteration",
      },
      "id": "b9ba2184-cb5c-4d50-98c2-568bf8e75854",
      "start": 2522,
    },
    Object {
      "end": 4058,
      "fileId": "6b12235d-ad09-4af7-b7f2-88e19357cb9d",
      "flashcard": Object {
        "fields": Object {
          "meaning": "",
          "notes": "",
          "pronunciation": "",
          "transcription": "",
        },
        "id": "c33016bd-563b-4a36-851a-802643b6cccb",
        "image": Object {
          "id": "c33016bd-563b-4a36-851a-802643b6cccb",
          "type": "VideoStillImage",
        },
        "tags": Array [
          "pbc",
        ],
        "type": "Transliteration",
      },
      "id": "c33016bd-563b-4a36-851a-802643b6cccb",
      "start": 3760,
    },
    Object {
      "end": 438,
      "fileId": "918d2b17-578f-4c5e-aafa-08d736e52af1",
      "flashcard": Object {
        "fields": Object {
          "meaning": "I am not a cat, said Frederick angrily",
          "notes": "",
          "pronunciation": "",
          "transcription": "Ich bin keine Katze, sagte Frederick böse",
        },
        "id": "88b8a0b3-19d1-41b2-b100-6d97474bddd4",
        "image": Object {
          "id": "88b8a0b3-19d1-41b2-b100-6d97474bddd4",
          "type": "VideoStillImage",
        },
        "tags": Array [
          "piggeldy_cat.mp4",
        ],
        "type": "Transliteration",
      },
      "id": "88b8a0b3-19d1-41b2-b100-6d97474bddd4",
      "start": 351,
    },
    Object {
      "end": 1000,
      "fileId": "918d2b17-578f-4c5e-aafa-08d736e52af1",
      "flashcard": Object {
        "fields": Object {
          "meaning": "I didn't say that",
          "notes": "",
          "pronunciation": "",
          "transcription": "Das hab' ich nicht gesagt",
        },
        "id": "c389b3fb-98b4-4ac3-9b4c-84959cf7b8df",
        "image": Object {
          "id": "c389b3fb-98b4-4ac3-9b4c-84959cf7b8df",
          "type": "VideoStillImage",
        },
        "tags": Array [
          "piggeldy_cat.mp4",
        ],
        "type": "Transliteration",
      },
      "id": "c389b3fb-98b4-4ac3-9b4c-84959cf7b8df",
      "start": 921,
    },
  ],
  "id": "6153116d-faf3-4b70-864b-80475f2e3091",
  "lastOpened": "2020-01-24T15:09:03Z",
  "mediaFiles": Array [
    Object {
      "durationSeconds": 87.062,
      "flashcardFieldsToSubtitlesTracks": Object {
        "meaning": "31dfe711-758e-4ba4-9dff-0fb73d1ab79a",
        "transcription": "9e5c0e3f-6670-4dcd-86fd-2b4d90bfb271",
      },
      "format": "mov,mp4,m4a,3gp,3g2,mj2",
      "height": 1080,
      "id": "6b12235d-ad09-4af7-b7f2-88e19357cb9d",
      "isVideo": true,
      "name": "polar_bear_cafe.mp4",
      "parentId": "6153116d-faf3-4b70-864b-80475f2e3091",
      "subtitles": Array [
        Object {
          "id": "31dfe711-758e-4ba4-9dff-0fb73d1ab79a",
          "streamIndex": 2,
          "type": "EmbeddedSubtitlesTrack",
        },
        Object {
          "id": "9e5c0e3f-6670-4dcd-86fd-2b4d90bfb271",
          "type": "ExternalSubtitlesTrack",
        },
      ],
      "subtitlesTracksStreamIndexes": Array [
        2,
      ],
      "type": "MediaFile",
      "width": 1920,
    },
    Object {
      "durationSeconds": 58.24,
      "flashcardFieldsToSubtitlesTracks": Object {},
      "format": "mov,mp4,m4a,3gp,3g2,mj2",
      "height": 360,
      "id": "918d2b17-578f-4c5e-aafa-08d736e52af1",
      "isVideo": true,
      "name": "piggeldy_cat.mp4",
      "parentId": "6153116d-faf3-4b70-864b-80475f2e3091",
      "subtitles": Array [],
      "subtitlesTracksStreamIndexes": Array [],
      "type": "MediaFile",
      "width": 480,
    },
  ],
  "name": "My friend's shared project",
  "noteType": "Transliteration",
  "subtitles": Array [
    Object {
      "id": "9e5c0e3f-6670-4dcd-86fd-2b4d90bfb271",
      "name": "pbc_jp.ass",
      "parentId": "6b12235d-ad09-4af7-b7f2-88e19357cb9d",
      "type": "ExternalSubtitlesFile",
    },
  ],
  "tags": Array [
    "pbc",
    "piggeldy_cat.mp4",
  ],
  "timestamp": "2020-01-24T15:09:18Z",
  "version": "4.1.0",
}
`;
