// Vitest Snapshot v1, https://vitest.dev/guide/snapshot.html

exports[`getTokenCombinations > gives all combinations for five items in right order 1`] = `
[
  [
    "das",
    "licht",
    "spiegelt",
    "sich",
    "in",
  ],
  [
    "das",
    "licht",
    "spiegelt",
    "sich",
  ],
  [
    "das",
    "licht",
    "spiegelt",
    "in",
  ],
  [
    "das",
    "licht",
    "sich",
    "in",
  ],
  [
    "das",
    "spiegelt",
    "sich",
    "in",
  ],
  [
    "das",
    "licht",
    "spiegelt",
  ],
  [
    "das",
    "licht",
    "sich",
  ],
  [
    "das",
    "licht",
    "in",
  ],
  [
    "das",
    "spiegelt",
    "sich",
  ],
  [
    "das",
    "spiegelt",
    "in",
  ],
  [
    "das",
    "sich",
    "in",
  ],
  [
    "das",
    "licht",
  ],
  [
    "das",
    "spiegelt",
  ],
  [
    "das",
    "sich",
  ],
  [
    "das",
    "in",
  ],
  [
    "das",
  ],
]
`;
