// Jest Snapshot v1, https://goo.gl/fbAQLP

exports[`create a deck from a new project saving a project file 1`] = `
Object {
  "clips": Array [
    Object {
      "end": 625,
      "fileId": "535935a3-7d72-4238-87ab-1b7a413c1f71",
      "flashcard": Object {
        "fields": Object {
          "meaning": "Relaxing while eating bamboo grass is the best",
          "notes": "",
          "pronunciation": "sasa-o tabe-nágara nonbíri-suru-no-wa saikoo-da-naa",
          "transcription": "笹を食べながらのんびりするのは最高だなぁ",
        },
        "id": "ae3239c8-90bd-4488-95e3-bde059632348",
        "tags": Array [
          "pbc",
        ],
        "type": "Transliteration",
      },
      "id": "ae3239c8-90bd-4488-95e3-bde059632348",
      "start": 402,
    },
    Object {
      "end": 888,
      "fileId": "535935a3-7d72-4238-87ab-1b7a413c1f71",
      "flashcard": Object {
        "fields": Object {
          "meaning": "This kid, lazing about again so early",
          "notes": "\\"Goro-goro\\" is the sound of something big rolling around.",
          "pronunciation": "mata kono ko-wa hirumá-kara góro-goro shite",
          "transcription": "またこの子は昼間からゴロゴロして",
        },
        "id": "7c348315-8f78-42fd-9be7-b05bc0aade9d",
        "tags": Array [
          "pbc",
        ],
        "type": "Transliteration",
      },
      "id": "7c348315-8f78-42fd-9be7-b05bc0aade9d",
      "start": 756,
    },
    Object {
      "end": 4054,
      "fileId": "535935a3-7d72-4238-87ab-1b7a413c1f71",
      "flashcard": Object {
        "fields": Object {
          "meaning": "",
          "notes": "",
          "pronunciation": "",
          "transcription": "",
        },
        "id": "e62c823d-93c2-4a5e-8181-37e3d540c3e3",
        "tags": Array [
          "pbc",
        ],
        "type": "Transliteration",
      },
      "id": "e62c823d-93c2-4a5e-8181-37e3d540c3e3",
      "start": 3756,
    },
  ],
  "id": "e36ca6de-4893-49f5-bca1-4410ace25d46",
  "lastOpened": "2020-01-20T11:42:45Z",
  "mediaFiles": Array [
    Object {
      "durationSeconds": 87.062,
      "flashcardFieldsToSubtitlesTracks": Object {},
      "format": "mov,mp4,m4a,3gp,3g2,mj2",
      "id": "535935a3-7d72-4238-87ab-1b7a413c1f71",
      "isVideo": true,
      "name": "polar_bear_cafe.mp4",
      "parentId": "e36ca6de-4893-49f5-bca1-4410ace25d46",
      "subtitles": Array [
        Object {
          "id": "37bd5e91-89c5-491b-9308-533c7be7338a",
          "streamIndex": 2,
          "type": "EmbeddedSubtitlesTrack",
        },
      ],
      "subtitlesTracksStreamIndexes": Array [
        2,
      ],
      "type": "MediaFile",
    },
    Object {
      "durationSeconds": 58.24,
      "flashcardFieldsToSubtitlesTracks": Object {},
      "format": "mov,mp4,m4a,3gp,3g2,mj2",
      "id": "fa462524-bfeb-4434-a506-07858cc97151",
      "isVideo": true,
      "name": "piggeldy_cat.mp4",
      "parentId": "e36ca6de-4893-49f5-bca1-4410ace25d46",
      "subtitles": Array [],
      "subtitlesTracksStreamIndexes": Array [],
      "type": "MediaFile",
    },
  ],
  "name": "My cool new project",
  "noteType": "Transliteration",
  "subtitles": Array [],
  "tags": Array [
    "pbc",
  ],
  "timestamp": "2020-01-20T11:43:27Z",
  "version": "4.1.0",
}
`;
