// Jest Snapshot v1, https://goo.gl/fbAQLP

exports[`opening and saving a previously saved project saves and closes project 1`] = `
Object {
  "clips": Array [
    Object {
      "end": 625,
      "fileId": "ca5642ae-e906-4e3b-90f2-bb5fff5d1c02",
      "flashcard": Object {
        "fields": Object {
          "meaning": "Relaxing while eating bamboo grass is the best",
          "notes": "",
          "pronunciation": "sasa-o tabe-nágara nonbíri-suru-no-wa saikoo-da-naa",
          "transcription": "笹を食べながらのんびりするのは最高だなぁ",
        },
        "id": "b40a5006-71f1-4b6d-b219-303a38f3f29e",
        "image": Object {
          "id": "b40a5006-71f1-4b6d-b219-303a38f3f29e",
          "type": "VideoStillImage",
        },
        "tags": Array [
          "pbc",
        ],
        "type": "Transliteration",
      },
      "id": "b40a5006-71f1-4b6d-b219-303a38f3f29e",
      "start": 402,
    },
    Object {
      "end": 888,
      "fileId": "ca5642ae-e906-4e3b-90f2-bb5fff5d1c02",
      "flashcard": Object {
        "fields": Object {
          "meaning": "This kid, lazing about again so early",
          "notes": "\\"Goro-goro\\" is the sound of something big rolling around.",
          "pronunciation": "mata kono ko-wa hirumá-kara góro-goro shite",
          "transcription": "またこの子は昼間からゴロゴロして",
        },
        "id": "df75ad79-2be6-4cef-b870-9786888f9af5",
        "tags": Array [
          "pbc",
        ],
        "type": "Transliteration",
      },
      "id": "df75ad79-2be6-4cef-b870-9786888f9af5",
      "start": 756,
    },
    Object {
      "end": 4058,
      "fileId": "ca5642ae-e906-4e3b-90f2-bb5fff5d1c02",
      "flashcard": Object {
        "fields": Object {
          "meaning": "",
          "notes": "",
          "pronunciation": "",
          "transcription": "",
        },
        "id": "63ab2381-aac7-4e33-82a4-3a477ec20ecd",
        "image": Object {
          "id": "63ab2381-aac7-4e33-82a4-3a477ec20ecd",
          "type": "VideoStillImage",
        },
        "tags": Array [
          "pbc",
        ],
        "type": "Transliteration",
      },
      "id": "63ab2381-aac7-4e33-82a4-3a477ec20ecd",
      "start": 3760,
    },
    Object {
      "end": 438,
      "fileId": "f1190a9a-8275-4119-9feb-26ce53a68c5e",
      "flashcard": Object {
        "fields": Object {
          "meaning": "I am not a cat, said Frederick angrily",
          "notes": "",
          "pronunciation": "",
          "transcription": "Ich bin keine Katze, sagte Frederick böse",
        },
        "id": "136042f2-00bc-4d9b-a3a7-3da1b7868c78",
        "image": Object {
          "id": "136042f2-00bc-4d9b-a3a7-3da1b7868c78",
          "type": "VideoStillImage",
        },
        "tags": Array [
          "piggeldy_cat.mp4",
        ],
        "type": "Transliteration",
      },
      "id": "136042f2-00bc-4d9b-a3a7-3da1b7868c78",
      "start": 351,
    },
    Object {
      "end": 1000,
      "fileId": "f1190a9a-8275-4119-9feb-26ce53a68c5e",
      "flashcard": Object {
        "fields": Object {
          "meaning": "I didn't say that",
          "notes": "",
          "pronunciation": "",
          "transcription": "Das hab' ich nicht gesagt",
        },
        "id": "1e62d23d-3f3b-4785-b8ba-5d61dddc78ed",
        "image": Object {
          "id": "1e62d23d-3f3b-4785-b8ba-5d61dddc78ed",
          "type": "VideoStillImage",
        },
        "tags": Array [
          "piggeldy_cat.mp4",
        ],
        "type": "Transliteration",
      },
      "id": "1e62d23d-3f3b-4785-b8ba-5d61dddc78ed",
      "start": 921,
    },
  ],
  "id": "14048b9b-8f7e-4491-a618-5507aa6ceba7",
  "lastOpened": "2020-01-27T22:28:12Z",
  "mediaFiles": Array [
    Object {
      "durationSeconds": 87.062,
      "flashcardFieldsToSubtitlesTracks": Object {},
      "format": "mov,mp4,m4a,3gp,3g2,mj2",
      "height": 1080,
      "id": "ca5642ae-e906-4e3b-90f2-bb5fff5d1c02",
      "isVideo": true,
      "name": "polar_bear_cafe.mp4",
      "parentId": "14048b9b-8f7e-4491-a618-5507aa6ceba7",
      "subtitles": Array [
        Object {
          "id": "5d9bc376-2716-4bbb-95f5-3badfc5e8c47",
          "streamIndex": 2,
          "type": "EmbeddedSubtitlesTrack",
        },
        Object {
          "id": "136042f2-00bc-4d9b-a3a7-3da1b7868c78",
          "type": "ExternalSubtitlesTrack",
        },
      ],
      "subtitlesTracksStreamIndexes": Array [
        2,
      ],
      "type": "MediaFile",
      "width": 1920,
    },
    Object {
      "durationSeconds": 58.24,
      "flashcardFieldsToSubtitlesTracks": Object {},
      "format": "mov,mp4,m4a,3gp,3g2,mj2",
      "height": 360,
      "id": "f1190a9a-8275-4119-9feb-26ce53a68c5e",
      "isVideo": true,
      "name": "piggeldy_cat.mp4",
      "parentId": "14048b9b-8f7e-4491-a618-5507aa6ceba7",
      "subtitles": Array [],
      "subtitlesTracksStreamIndexes": Array [],
      "type": "MediaFile",
      "width": 480,
    },
  ],
  "name": "My cool saved project",
  "noteType": "Transliteration",
  "subtitles": Array [
    Object {
      "id": "136042f2-00bc-4d9b-a3a7-3da1b7868c78",
      "name": "pbc_jp.ass",
      "parentId": "ca5642ae-e906-4e3b-90f2-bb5fff5d1c02",
      "type": "ExternalSubtitlesFile",
    },
  ],
  "tags": Array [
    "pbc",
    "piggeldy_cat.mp4",
  ],
  "timestamp": "2020-01-27T22:28:22Z",
  "version": "4.1.0",
}
`;
