// Jest Snapshot v1, https://goo.gl/fbAQLP

exports[`make clips and cards from subtitles saves and closes project 1`] = `
Object {
  "clips": Array [
    Object {
      "end": 626,
      "fileId": "6b12235d-ad09-4af7-b7f2-88e19357cb9d",
      "flashcard": Object {
        "fields": Object {
          "meaning": "Chilling and eating bamboo 
grass is the best thing ever.",
          "notes": "",
          "pronunciation": "",
          "transcription": "笹を食べながらのんびりするのは最高だなぁ",
        },
        "id": "e78620d8-9ebd-45b8-b335-d3280a4f3ecc",
        "image": Object {
          "id": "e78620d8-9ebd-45b8-b335-d3280a4f3ecc",
          "type": "VideoStillImage",
        },
        "tags": Array [
          "pbc",
        ],
        "type": "Transliteration",
      },
      "id": "e78620d8-9ebd-45b8-b335-d3280a4f3ecc",
      "start": 381.5,
    },
    Object {
      "end": 882.5,
      "fileId": "6b12235d-ad09-4af7-b7f2-88e19357cb9d",
      "flashcard": Object {
        "fields": Object {
          "meaning": "Hey now. Look at you, being so lazy 
so early in the day.",
          "notes": "",
          "pronunciation": "",
          "transcription": "ちょっと  またこの子は昼間からゴロゴロして",
        },
        "id": "320265ad-8190-4729-8ec1-5fcf0d1b832e",
        "image": Object {
          "id": "320265ad-8190-4729-8ec1-5fcf0d1b832e",
          "type": "VideoStillImage",
        },
        "tags": Array [
          "pbc",
        ],
        "type": "Transliteration",
      },
      "id": "320265ad-8190-4729-8ec1-5fcf0d1b832e",
      "start": 639,
    },
    Object {
      "end": 1063,
      "fileId": "6b12235d-ad09-4af7-b7f2-88e19357cb9d",
      "flashcard": Object {
        "fields": Object {
          "meaning": "You're in the way of my cleaning. Scoot.",
          "notes": "",
          "pronunciation": "",
          "transcription": "掃除の邪魔よ  どきなさい",
        },
        "id": "2f5ad340-c06b-4754-a468-56852ec9638c",
        "image": Object {
          "id": "2f5ad340-c06b-4754-a468-56852ec9638c",
          "type": "VideoStillImage",
        },
        "tags": Array [
          "pbc",
        ],
        "type": "Transliteration",
      },
      "id": "2f5ad340-c06b-4754-a468-56852ec9638c",
      "start": 916.5,
    },
    Object {
      "end": 1136,
      "fileId": "6b12235d-ad09-4af7-b7f2-88e19357cb9d",
      "flashcard": Object {
        "fields": Object {
          "meaning": "Okay.",
          "notes": "",
          "pronunciation": "",
          "transcription": "はいー",
        },
        "id": "7d4e2afe-55d1-4a1a-8365-767aa83c83e5",
        "image": Object {
          "id": "7d4e2afe-55d1-4a1a-8365-767aa83c83e5",
          "type": "VideoStillImage",
        },
        "tags": Array [
          "pbc",
        ],
        "type": "Transliteration",
      },
      "id": "7d4e2afe-55d1-4a1a-8365-767aa83c83e5",
      "start": 1064,
    },
    Object {
      "end": 1372.5,
      "fileId": "6b12235d-ad09-4af7-b7f2-88e19357cb9d",
      "flashcard": Object {
        "fields": Object {
          "meaning": "Seconds please, Mom.",
          "notes": "",
          "pronunciation": "",
          "transcription": "お母さん  おかわり",
        },
        "id": "8a0d55ba-e456-4108-9fe2-911d7d25ffde",
        "image": Object {
          "id": "8a0d55ba-e456-4108-9fe2-911d7d25ffde",
          "type": "VideoStillImage",
        },
        "tags": Array [
          "pbc",
        ],
        "type": "Transliteration",
      },
      "id": "8a0d55ba-e456-4108-9fe2-911d7d25ffde",
      "start": 1240,
    },
    Object {
      "end": 1609.5,
      "fileId": "6b12235d-ad09-4af7-b7f2-88e19357cb9d",
      "flashcard": Object {
        "fields": Object {
          "meaning": "Exactly what do you have 
planned for your future?",
          "notes": "",
          "pronunciation": "",
          "transcription": "どうするの  あなた将来は",
        },
        "id": "193c54f4-49f0-442b-b866-320ba111d369",
        "image": Object {
          "id": "193c54f4-49f0-442b-b866-320ba111d369",
          "type": "VideoStillImage",
        },
        "tags": Array [
          "pbc",
        ],
        "type": "Transliteration",
      },
      "id": "193c54f4-49f0-442b-b866-320ba111d369",
      "start": 1466,
    },
    Object {
      "end": 1961,
      "fileId": "6b12235d-ad09-4af7-b7f2-88e19357cb9d",
      "flashcard": Object {
        "fields": Object {
          "meaning": "Jeez... Could we not talk about my future when I'm relaxing?",
          "notes": "",
          "pronunciation": "",
          "transcription": "もう  ゴロゴロしてるときに  将来の話なんかしないでよ",
        },
        "id": "c7e5886a-0899-4192-8a9c-4b30c304a717",
        "image": Object {
          "id": "c7e5886a-0899-4192-8a9c-4b30c304a717",
          "type": "VideoStillImage",
        },
        "tags": Array [
          "pbc",
        ],
        "type": "Transliteration",
      },
      "id": "c7e5886a-0899-4192-8a9c-4b30c304a717",
      "start": 1661.5,
    },
    Object {
      "end": 2131.5,
      "fileId": "6b12235d-ad09-4af7-b7f2-88e19357cb9d",
      "flashcard": Object {
        "fields": Object {
          "meaning": "If you have so much time to relax, you could go look for a part-time job.",
          "notes": "",
          "pronunciation": "",
          "transcription": "暇があるなら  ちょっとはバイトでも探しなさい",
        },
        "id": "f4f17e82-af87-459e-af11-4f3d65f9d5d7",
        "image": Object {
          "id": "f4f17e82-af87-459e-af11-4f3d65f9d5d7",
          "type": "VideoStillImage",
        },
        "tags": Array [
          "pbc",
        ],
        "type": "Transliteration",
      },
      "id": "f4f17e82-af87-459e-af11-4f3d65f9d5d7",
      "start": 1962.5,
    },
    Object {
      "end": 2464.5,
      "fileId": "6b12235d-ad09-4af7-b7f2-88e19357cb9d",
      "flashcard": Object {
        "fields": Object {
          "meaning": "I'm too busy relaxing, 
so I'll do it later.",
          "notes": "",
          "pronunciation": "",
          "transcription": "ええ  ゴロゴロするのに忙しいから  後にするよ",
        },
        "id": "f1def124-bbaa-418a-8836-34a8d8cf74da",
        "image": Object {
          "id": "f1def124-bbaa-418a-8836-34a8d8cf74da",
          "type": "VideoStillImage",
        },
        "tags": Array [
          "pbc",
        ],
        "type": "Transliteration",
      },
      "id": "f1def124-bbaa-418a-8836-34a8d8cf74da",
      "start": 2136.5,
    },
    Object {
      "end": 2755,
      "fileId": "6b12235d-ad09-4af7-b7f2-88e19357cb9d",
      "flashcard": Object {
        "fields": Object {
          "meaning": "Don't try to suck me up!",
          "notes": "",
          "pronunciation": "",
          "transcription": "ああー  吸わないで",
        },
        "id": "6c34f168-1e1d-4933-84ae-df589c68ec06",
        "image": Object {
          "id": "6c34f168-1e1d-4933-84ae-df589c68ec06",
          "type": "VideoStillImage",
        },
        "tags": Array [
          "pbc",
        ],
        "type": "Transliteration",
      },
      "id": "6c34f168-1e1d-4933-84ae-df589c68ec06",
      "start": 2516.5,
    },
    Object {
      "end": 2912,
      "fileId": "6b12235d-ad09-4af7-b7f2-88e19357cb9d",
      "flashcard": Object {
        "fields": Object {
          "meaning": "Jeez...",
          "notes": "",
          "pronunciation": "",
          "transcription": "もう",
        },
        "id": "24374cd7-bed9-4f30-aace-dbdf8fe31422",
        "image": Object {
          "id": "24374cd7-bed9-4f30-aace-dbdf8fe31422",
          "type": "VideoStillImage",
        },
        "tags": Array [
          "pbc",
        ],
        "type": "Transliteration",
      },
      "id": "24374cd7-bed9-4f30-aace-dbdf8fe31422",
      "start": 2844,
    },
    Object {
      "end": 3233.5,
      "fileId": "6b12235d-ad09-4af7-b7f2-88e19357cb9d",
      "flashcard": Object {
        "fields": Object {
          "meaning": "I wonder why Mom can't understand how much time relaxing takes up.",
          "notes": "",
          "pronunciation": "",
          "transcription": "どうしてお母さんはゴロゴロする忙しさが分かんないんだろな",
        },
        "id": "8f0f15ae-fe46-4b73-ad7d-36c4d10359dd",
        "image": Object {
          "id": "8f0f15ae-fe46-4b73-ad7d-36c4d10359dd",
          "type": "VideoStillImage",
        },
        "tags": Array [
          "pbc",
        ],
        "type": "Transliteration",
      },
      "id": "8f0f15ae-fe46-4b73-ad7d-36c4d10359dd",
      "start": 2951,
    },
    Object {
      "end": 4099,
      "fileId": "6b12235d-ad09-4af7-b7f2-88e19357cb9d",
      "flashcard": Object {
        "fields": Object {
          "meaning": "Excuse me, which of these will have jobs where I can get paid to do nothing?",
          "notes": "",
          "pronunciation": "",
          "transcription": "えーと  働かないでお金がもらえる仕事が載っているのはどれですか",
        },
        "id": "2a3ce4c2-4714-47f6-9e33-2e28ba56eb1f",
        "image": Object {
          "id": "2a3ce4c2-4714-47f6-9e33-2e28ba56eb1f",
          "type": "VideoStillImage",
        },
        "tags": Array [
          "pbc",
        ],
        "type": "Transliteration",
      },
      "id": "2a3ce4c2-4714-47f6-9e33-2e28ba56eb1f",
      "start": 3764.5,
    },
    Object {
      "end": 4254.5,
      "fileId": "6b12235d-ad09-4af7-b7f2-88e19357cb9d",
      "flashcard": Object {
        "fields": Object {
          "meaning": "I don't think there is one.",
          "notes": "",
          "pronunciation": "",
          "transcription": "ないと思います",
        },
        "id": "90bf45fc-00e0-41b7-b82e-fda29473761e",
        "image": Object {
          "id": "90bf45fc-00e0-41b7-b82e-fda29473761e",
          "type": "VideoStillImage",
        },
        "tags": Array [
          "pbc",
        ],
        "type": "Transliteration",
      },
      "id": "90bf45fc-00e0-41b7-b82e-fda29473761e",
      "start": 4173,
    },
    Object {
      "end": 4336.5,
      "fileId": "6b12235d-ad09-4af7-b7f2-88e19357cb9d",
      "flashcard": Object {
        "fields": Object {
          "meaning": "Really?",
          "notes": "",
          "pronunciation": "",
          "transcription": "え",
        },
        "id": "e8666618-6758-452f-9a92-10be189e784a",
        "image": Object {
          "id": "e8666618-6758-452f-9a92-10be189e784a",
          "type": "VideoStillImage",
        },
        "tags": Array [
          "pbc",
        ],
        "type": "Transliteration",
      },
      "id": "e8666618-6758-452f-9a92-10be189e784a",
      "start": 4268,
    },
    Object {
      "end": 438,
      "fileId": "918d2b17-578f-4c5e-aafa-08d736e52af1",
      "flashcard": Object {
        "fields": Object {
          "meaning": "I am not a cat, said Frederick angrily",
          "notes": "",
          "pronunciation": "",
          "transcription": "Ich bin keine Katze, sagte Frederick böse",
        },
        "id": "88b8a0b3-19d1-41b2-b100-6d97474bddd4",
        "image": Object {
          "id": "88b8a0b3-19d1-41b2-b100-6d97474bddd4",
          "type": "VideoStillImage",
        },
        "tags": Array [
          "piggeldy_cat.mp4",
        ],
        "type": "Transliteration",
      },
      "id": "88b8a0b3-19d1-41b2-b100-6d97474bddd4",
      "start": 351,
    },
    Object {
      "end": 1000,
      "fileId": "918d2b17-578f-4c5e-aafa-08d736e52af1",
      "flashcard": Object {
        "fields": Object {
          "meaning": "I didn't say that",
          "notes": "",
          "pronunciation": "",
          "transcription": "Das hab' ich nicht gesagt",
        },
        "id": "c389b3fb-98b4-4ac3-9b4c-84959cf7b8df",
        "image": Object {
          "id": "c389b3fb-98b4-4ac3-9b4c-84959cf7b8df",
          "type": "VideoStillImage",
        },
        "tags": Array [
          "piggeldy_cat.mp4",
        ],
        "type": "Transliteration",
      },
      "id": "c389b3fb-98b4-4ac3-9b4c-84959cf7b8df",
      "start": 921,
    },
  ],
  "id": "6153116d-faf3-4b70-864b-80475f2e3091",
  "lastOpened": "2020-01-24T23:44:33Z",
  "mediaFiles": Array [
    Object {
      "durationSeconds": 87.062,
      "flashcardFieldsToSubtitlesTracks": Object {
        "meaning": "31dfe711-758e-4ba4-9dff-0fb73d1ab79a",
        "transcription": "94367f0c-92ef-4542-a80a-6fbaf8e1ad76",
      },
      "format": "mov,mp4,m4a,3gp,3g2,mj2",
      "height": 1080,
      "id": "6b12235d-ad09-4af7-b7f2-88e19357cb9d",
      "isVideo": true,
      "name": "polar_bear_cafe.mp4",
      "parentId": "6153116d-faf3-4b70-864b-80475f2e3091",
      "subtitles": Array [
        Object {
          "id": "31dfe711-758e-4ba4-9dff-0fb73d1ab79a",
          "streamIndex": 2,
          "type": "EmbeddedSubtitlesTrack",
        },
        Object {
          "id": "94367f0c-92ef-4542-a80a-6fbaf8e1ad76",
          "type": "ExternalSubtitlesTrack",
        },
      ],
      "subtitlesTracksStreamIndexes": Array [
        2,
      ],
      "type": "MediaFile",
      "width": 1920,
    },
    Object {
      "durationSeconds": 58.24,
      "flashcardFieldsToSubtitlesTracks": Object {},
      "format": "mov,mp4,m4a,3gp,3g2,mj2",
      "height": 360,
      "id": "918d2b17-578f-4c5e-aafa-08d736e52af1",
      "isVideo": true,
      "name": "piggeldy_cat.mp4",
      "parentId": "6153116d-faf3-4b70-864b-80475f2e3091",
      "subtitles": Array [],
      "subtitlesTracksStreamIndexes": Array [],
      "type": "MediaFile",
      "width": 480,
    },
  ],
  "name": "Project with subtitles",
  "noteType": "Transliteration",
  "subtitles": Array [
    Object {
      "id": "94367f0c-92ef-4542-a80a-6fbaf8e1ad76",
      "name": "pbc_jp.ass",
      "parentId": "6b12235d-ad09-4af7-b7f2-88e19357cb9d",
      "type": "ExternalSubtitlesFile",
    },
  ],
  "tags": Array [
    "piggeldy_cat.mp4",
    "pbc",
  ],
  "timestamp": "2020-01-24T23:44:38Z",
  "version": "4.1.0",
}
`;
